16:56:15 **** Build of configuration Debug for project ADC_Regular_injected_groups ****
make all 
arm-none-eabi-gcc "/home/yousof/projects/VibrationSensorDesignChallenge/cubews/ADC_Regular_injected_groups/Src/main.c" -mcpu=cortex-m7 -std=gnu11 -g3 -DUSE_HAL_DRIVER -DSTM32H743xx -DUSE_STM32H7XX_NUCLEO_144_MB1364 -c -I../../../Inc -I../../../Drivers/CMSIS/Device/ST/STM32H7xx/Include -I../../../Drivers/STM32H7xx_HAL_Driver/Inc -I../../../Drivers/BSP/STM32H7xx_Nucleo -I../../../Drivers/BSP/Components/Common -I../../../Utilities/Log -I../../../Utilities/Fonts -I../../../Utilities/CPU -I../../../Drivers/CMSIS/Include -Os -ffunction-sections -Wall -fstack-usage -MMD -MP -MF"Example/User/main.d" -MT"Example/User/main.o" --specs=nano.specs -mfpu=fpv5-d16 -mfloat-abi=hard -mthumb -o "Example/User/main.o"
arm-none-eabi-gcc "/home/yousof/projects/VibrationSensorDesignChallenge/cubews/ADC_Regular_injected_groups/Src/stm32h7xx_hal_msp.c" -mcpu=cortex-m7 -std=gnu11 -g3 -DUSE_HAL_DRIVER -DSTM32H743xx -DUSE_STM32H7XX_NUCLEO_144_MB1364 -c -I../../../Inc -I../../../Drivers/CMSIS/Device/ST/STM32H7xx/Include -I../../../Drivers/STM32H7xx_HAL_Driver/Inc -I../../../Drivers/BSP/STM32H7xx_Nucleo -I../../../Drivers/BSP/Components/Common -I../../../Utilities/Log -I../../../Utilities/Fonts -I../../../Utilities/CPU -I../../../Drivers/CMSIS/Include -Os -ffunction-sections -Wall -fstack-usage -MMD -MP -MF"Example/User/stm32h7xx_hal_msp.d" -MT"Example/User/stm32h7xx_hal_msp.o" --specs=nano.specs -mfpu=fpv5-d16 -mfloat-abi=hard -mthumb -o "Example/User/stm32h7xx_hal_msp.o"
arm-none-eabi-gcc "/home/yousof/projects/VibrationSensorDesignChallenge/cubews/ADC_Regular_injected_groups/Src/stm32h7xx_it.c" -mcpu=cortex-m7 -std=gnu11 -g3 -DUSE_HAL_DRIVER -DSTM32H743xx -DUSE_STM32H7XX_NUCLEO_144_MB1364 -c -I../../../Inc -I../../../Drivers/CMSIS/Device/ST/STM32H7xx/Include -I../../../Drivers/STM32H7xx_HAL_Driver/Inc -I../../../Drivers/BSP/STM32H7xx_Nucleo -I../../../Drivers/BSP/Components/Common -I../../../Utilities/Log -I../../../Utilities/Fonts -I../../../Utilities/CPU -I../../../Drivers/CMSIS/Include -Os -ffunction-sections -Wall -fstack-usage -MMD -MP -MF"Example/User/stm32h7xx_it.d" -MT"Example/User/stm32h7xx_it.o" --specs=nano.specs -mfpu=fpv5-d16 -mfloat-abi=hard -mthumb -o "Example/User/stm32h7xx_it.o"
arm-none-eabi-gcc -mcpu=cortex-m7 -g3 -c -x assembler-with-cpp -MMD -MP -MF"Example/SW4STM32/startup_stm32h743xx.d" -MT"Example/SW4STM32/startup_stm32h743xx.o" --specs=nano.specs -mfpu=fpv5-d16 -mfloat-abi=hard -mthumb -o "Example/SW4STM32/startup_stm32h743xx.o" "/home/yousof/projects/VibrationSensorDesignChallenge/cubews/ADC_Regular_injected_groups/SW4STM32/startup_stm32h743xx.s"
arm-none-eabi-gcc "/home/yousof/projects/VibrationSensorDesignChallenge/cubews/ADC_Regular_injected_groups/Drivers/STM32H7xx_HAL_Driver/Src/stm32h7xx_hal.c" -mcpu=cortex-m7 -std=gnu11 -g3 -DUSE_HAL_DRIVER -DSTM32H743xx -DUSE_STM32H7XX_NUCLEO_144_MB1364 -c -I../../../Inc -I../../../Drivers/CMSIS/Device/ST/STM32H7xx/Include -I../../../Drivers/STM32H7xx_HAL_Driver/Inc -I../../../Drivers/BSP/STM32H7xx_Nucleo -I../../../Drivers/BSP/Components/Common -I../../../Utilities/Log -I../../../Utilities/Fonts -I../../../Utilities/CPU -I../../../Drivers/CMSIS/Include -Os -ffunction-sections -Wall -fstack-usage -MMD -MP -MF"Drivers/STM32H7xx_HAL_Driver/stm32h7xx_hal.d" -MT"Drivers/STM32H7xx_HAL_Driver/stm32h7xx_hal.o" --specs=nano.specs -mfpu=fpv5-d16 -mfloat-abi=hard -mthumb -o "Drivers/STM32H7xx_HAL_Driver/stm32h7xx_hal.o"
arm-none-eabi-gcc "/home/yousof/projects/VibrationSensorDesignChallenge/cubews/ADC_Regular_injected_groups/Drivers/STM32H7xx_HAL_Driver/Src/stm32h7xx_hal_adc.c" -mcpu=cortex-m7 -std=gnu11 -g3 -DUSE_HAL_DRIVER -DSTM32H743xx -DUSE_STM32H7XX_NUCLEO_144_MB1364 -c -I../../../Inc -I../../../Drivers/CMSIS/Device/ST/STM32H7xx/Include -I../../../Drivers/STM32H7xx_HAL_Driver/Inc -I../../../Drivers/BSP/STM32H7xx_Nucleo -I../../../Drivers/BSP/Components/Common -I../../../Utilities/Log -I../../../Utilities/Fonts -I../../../Utilities/CPU -I../../../Drivers/CMSIS/Include -Os -ffunction-sections -Wall -fstack-usage -MMD -MP -MF"Drivers/STM32H7xx_HAL_Driver/stm32h7xx_hal_adc.d" -MT"Drivers/STM32H7xx_HAL_Driver/stm32h7xx_hal_adc.o" --specs=nano.specs -mfpu=fpv5-d16 -mfloat-abi=hard -mthumb -o "Drivers/STM32H7xx_HAL_Driver/stm32h7xx_hal_adc.o"
arm-none-eabi-gcc "/home/yousof/projects/VibrationSensorDesignChallenge/cubews/ADC_Regular_injected_groups/Drivers/STM32H7xx_HAL_Driver/Src/stm32h7xx_hal_adc_ex.c" -mcpu=cortex-m7 -std=gnu11 -g3 -DUSE_HAL_DRIVER -DSTM32H743xx -DUSE_STM32H7XX_NUCLEO_144_MB1364 -c -I../../../Inc -I../../../Drivers/CMSIS/Device/ST/STM32H7xx/Include -I../../../Drivers/STM32H7xx_HAL_Driver/Inc -I../../../Drivers/BSP/STM32H7xx_Nucleo -I../../../Drivers/BSP/Components/Common -I../../../Utilities/Log -I../../../Utilities/Fonts -I../../../Utilities/CPU -I../../../Drivers/CMSIS/Include -Os -ffunction-sections -Wall -fstack-usage -MMD -MP -MF"Drivers/STM32H7xx_HAL_Driver/stm32h7xx_hal_adc_ex.d" -MT"Drivers/STM32H7xx_HAL_Driver/stm32h7xx_hal_adc_ex.o" --specs=nano.specs -mfpu=fpv5-d16 -mfloat-abi=hard -mthumb -o "Drivers/STM32H7xx_HAL_Driver/stm32h7xx_hal_adc_ex.o"
arm-none-eabi-gcc "/home/yousof/projects/VibrationSensorDesignChallenge/cubews/ADC_Regular_injected_groups/Drivers/STM32H7xx_HAL_Driver/Src/stm32h7xx_hal_cortex.c" -mcpu=cortex-m7 -std=gnu11 -g3 -DUSE_HAL_DRIVER -DSTM32H743xx -DUSE_STM32H7XX_NUCLEO_144_MB1364 -c -I../../../Inc -I../../../Drivers/CMSIS/Device/ST/STM32H7xx/Include -I../../../Drivers/STM32H7xx_HAL_Driver/Inc -I../../../Drivers/BSP/STM32H7xx_Nucleo -I../../../Drivers/BSP/Components/Common -I../../../Utilities/Log -I../../../Utilities/Fonts -I../../../Utilities/CPU -I../../../Drivers/CMSIS/Include -Os -ffunction-sections -Wall -fstack-usage -MMD -MP -MF"Drivers/STM32H7xx_HAL_Driver/stm32h7xx_hal_cortex.d" -MT"Drivers/STM32H7xx_HAL_Driver/stm32h7xx_hal_cortex.o" --specs=nano.specs -mfpu=fpv5-d16 -mfloat-abi=hard -mthumb -o "Drivers/STM32H7xx_HAL_Driver/stm32h7xx_hal_cortex.o"
arm-none-eabi-gcc "/home/yousof/projects/VibrationSensorDesignChallenge/cubews/ADC_Regular_injected_groups/Drivers/STM32H7xx_HAL_Driver/Src/stm32h7xx_hal_dac.c" -mcpu=cortex-m7 -std=gnu11 -g3 -DUSE_HAL_DRIVER -DSTM32H743xx -DUSE_STM32H7XX_NUCLEO_144_MB1364 -c -I../../../Inc -I../../../Drivers/CMSIS/Device/ST/STM32H7xx/Include -I../../../Drivers/STM32H7xx_HAL_Driver/Inc -I../../../Drivers/BSP/STM32H7xx_Nucleo -I../../../Drivers/BSP/Components/Common -I../../../Utilities/Log -I../../../Utilities/Fonts -I../../../Utilities/CPU -I../../../Drivers/CMSIS/Include -Os -ffunction-sections -Wall -fstack-usage -MMD -MP -MF"Drivers/STM32H7xx_HAL_Driver/stm32h7xx_hal_dac.d" -MT"Drivers/STM32H7xx_HAL_Driver/stm32h7xx_hal_dac.o" --specs=nano.specs -mfpu=fpv5-d16 -mfloat-abi=hard -mthumb -o "Drivers/STM32H7xx_HAL_Driver/stm32h7xx_hal_dac.o"
arm-none-eabi-gcc "/home/yousof/projects/VibrationSensorDesignChallenge/cubews/ADC_Regular_injected_groups/Drivers/STM32H7xx_HAL_Driver/Src/stm32h7xx_hal_dac_ex.c" -mcpu=cortex-m7 -std=gnu11 -g3 -DUSE_HAL_DRIVER -DSTM32H743xx -DUSE_STM32H7XX_NUCLEO_144_MB1364 -c -I../../../Inc -I../../../Drivers/CMSIS/Device/ST/STM32H7xx/Include -I../../../Drivers/STM32H7xx_HAL_Driver/Inc -I../../../Drivers/BSP/STM32H7xx_Nucleo -I../../../Drivers/BSP/Components/Common -I../../../Utilities/Log -I../../../Utilities/Fonts -I../../../Utilities/CPU -I../../../Drivers/CMSIS/Include -Os -ffunction-sections -Wall -fstack-usage -MMD -MP -MF"Drivers/STM32H7xx_HAL_Driver/stm32h7xx_hal_dac_ex.d" -MT"Drivers/STM32H7xx_HAL_Driver/stm32h7xx_hal_dac_ex.o" --specs=nano.specs -mfpu=fpv5-d16 -mfloat-abi=hard -mthumb -o "Drivers/STM32H7xx_HAL_Driver/stm32h7xx_hal_dac_ex.o"
arm-none-eabi-gcc "/home/yousof/projects/VibrationSensorDesignChallenge/cubews/ADC_Regular_injected_groups/Drivers/STM32H7xx_HAL_Driver/Src/stm32h7xx_hal_dma.c" -mcpu=cortex-m7 -std=gnu11 -g3 -DUSE_HAL_DRIVER -DSTM32H743xx -DUSE_STM32H7XX_NUCLEO_144_MB1364 -c -I../../../Inc -I../../../Drivers/CMSIS/Device/ST/STM32H7xx/Include -I../../../Drivers/STM32H7xx_HAL_Driver/Inc -I../../../Drivers/BSP/STM32H7xx_Nucleo -I../../../Drivers/BSP/Components/Common -I../../../Utilities/Log -I../../../Utilities/Fonts -I../../../Utilities/CPU -I../../../Drivers/CMSIS/Include -Os -ffunction-sections -Wall -fstack-usage -MMD -MP -MF"Drivers/STM32H7xx_HAL_Driver/stm32h7xx_hal_dma.d" -MT"Drivers/STM32H7xx_HAL_Driver/stm32h7xx_hal_dma.o" --specs=nano.specs -mfpu=fpv5-d16 -mfloat-abi=hard -mthumb -o "Drivers/STM32H7xx_HAL_Driver/stm32h7xx_hal_dma.o"
arm-none-eabi-gcc "/home/yousof/projects/VibrationSensorDesignChallenge/cubews/ADC_Regular_injected_groups/Drivers/STM32H7xx_HAL_Driver/Src/stm32h7xx_hal_exti.c" -mcpu=cortex-m7 -std=gnu11 -g3 -DUSE_HAL_DRIVER -DSTM32H743xx -DUSE_STM32H7XX_NUCLEO_144_MB1364 -c -I../../../Inc -I../../../Drivers/CMSIS/Device/ST/STM32H7xx/Include -I../../../Drivers/STM32H7xx_HAL_Driver/Inc -I../../../Drivers/BSP/STM32H7xx_Nucleo -I../../../Drivers/BSP/Components/Common -I../../../Utilities/Log -I../../../Utilities/Fonts -I../../../Utilities/CPU -I../../../Drivers/CMSIS/Include -Os -ffunction-sections -Wall -fstack-usage -MMD -MP -MF"Drivers/STM32H7xx_HAL_Driver/stm32h7xx_hal_exti.d" -MT"Drivers/STM32H7xx_HAL_Driver/stm32h7xx_hal_exti.o" --specs=nano.specs -mfpu=fpv5-d16 -mfloat-abi=hard -mthumb -o "Drivers/STM32H7xx_HAL_Driver/stm32h7xx_hal_exti.o"
arm-none-eabi-gcc "/home/yousof/projects/VibrationSensorDesignChallenge/cubews/ADC_Regular_injected_groups/Drivers/STM32H7xx_HAL_Driver/Src/stm32h7xx_hal_gpio.c" -mcpu=cortex-m7 -std=gnu11 -g3 -DUSE_HAL_DRIVER -DSTM32H743xx -DUSE_STM32H7XX_NUCLEO_144_MB1364 -c -I../../../Inc -I../../../Drivers/CMSIS/Device/ST/STM32H7xx/Include -I../../../Drivers/STM32H7xx_HAL_Driver/Inc -I../../../Drivers/BSP/STM32H7xx_Nucleo -I../../../Drivers/BSP/Components/Common -I../../../Utilities/Log -I../../../Utilities/Fonts -I../../../Utilities/CPU -I../../../Drivers/CMSIS/Include -Os -ffunction-sections -Wall -fstack-usage -MMD -MP -MF"Drivers/STM32H7xx_HAL_Driver/stm32h7xx_hal_gpio.d" -MT"Drivers/STM32H7xx_HAL_Driver/stm32h7xx_hal_gpio.o" --specs=nano.specs -mfpu=fpv5-d16 -mfloat-abi=hard -mthumb -o "Drivers/STM32H7xx_HAL_Driver/stm32h7xx_hal_gpio.o"
arm-none-eabi-gcc "/home/yousof/projects/VibrationSensorDesignChallenge/cubews/ADC_Regular_injected_groups/Drivers/STM32H7xx_HAL_Driver/Src/stm32h7xx_hal_pwr.c" -mcpu=cortex-m7 -std=gnu11 -g3 -DUSE_HAL_DRIVER -DSTM32H743xx -DUSE_STM32H7XX_NUCLEO_144_MB1364 -c -I../../../Inc -I../../../Drivers/CMSIS/Device/ST/STM32H7xx/Include -I../../../Drivers/STM32H7xx_HAL_Driver/Inc -I../../../Drivers/BSP/STM32H7xx_Nucleo -I../../../Drivers/BSP/Components/Common -I../../../Utilities/Log -I../../../Utilities/Fonts -I../../../Utilities/CPU -I../../../Drivers/CMSIS/Include -Os -ffunction-sections -Wall -fstack-usage -MMD -MP -MF"Drivers/STM32H7xx_HAL_Driver/stm32h7xx_hal_pwr.d" -MT"Drivers/STM32H7xx_HAL_Driver/stm32h7xx_hal_pwr.o" --specs=nano.specs -mfpu=fpv5-d16 -mfloat-abi=hard -mthumb -o "Drivers/STM32H7xx_HAL_Driver/stm32h7xx_hal_pwr.o"
arm-none-eabi-gcc "/home/yousof/projects/VibrationSensorDesignChallenge/cubews/ADC_Regular_injected_groups/Drivers/STM32H7xx_HAL_Driver/Src/stm32h7xx_hal_pwr_ex.c" -mcpu=cortex-m7 -std=gnu11 -g3 -DUSE_HAL_DRIVER -DSTM32H743xx -DUSE_STM32H7XX_NUCLEO_144_MB1364 -c -I../../../Inc -I../../../Drivers/CMSIS/Device/ST/STM32H7xx/Include -I../../../Drivers/STM32H7xx_HAL_Driver/Inc -I../../../Drivers/BSP/STM32H7xx_Nucleo -I../../../Drivers/BSP/Components/Common -I../../../Utilities/Log -I../../../Utilities/Fonts -I../../../Utilities/CPU -I../../../Drivers/CMSIS/Include -Os -ffunction-sections -Wall -fstack-usage -MMD -MP -MF"Drivers/STM32H7xx_HAL_Driver/stm32h7xx_hal_pwr_ex.d" -MT"Drivers/STM32H7xx_HAL_Driver/stm32h7xx_hal_pwr_ex.o" --specs=nano.specs -mfpu=fpv5-d16 -mfloat-abi=hard -mthumb -o "Drivers/STM32H7xx_HAL_Driver/stm32h7xx_hal_pwr_ex.o"
arm-none-eabi-gcc "/home/yousof/projects/VibrationSensorDesignChallenge/cubews/ADC_Regular_injected_groups/Drivers/STM32H7xx_HAL_Driver/Src/stm32h7xx_hal_rcc.c" -mcpu=cortex-m7 -std=gnu11 -g3 -DUSE_HAL_DRIVER -DSTM32H743xx -DUSE_STM32H7XX_NUCLEO_144_MB1364 -c -I../../../Inc -I../../../Drivers/CMSIS/Device/ST/STM32H7xx/Include -I../../../Drivers/STM32H7xx_HAL_Driver/Inc -I../../../Drivers/BSP/STM32H7xx_Nucleo -I../../../Drivers/BSP/Components/Common -I../../../Utilities/Log -I../../../Utilities/Fonts -I../../../Utilities/CPU -I../../../Drivers/CMSIS/Include -Os -ffunction-sections -Wall -fstack-usage -MMD -MP -MF"Drivers/STM32H7xx_HAL_Driver/stm32h7xx_hal_rcc.d" -MT"Drivers/STM32H7xx_HAL_Driver/stm32h7xx_hal_rcc.o" --specs=nano.specs -mfpu=fpv5-d16 -mfloat-abi=hard -mthumb -o "Drivers/STM32H7xx_HAL_Driver/stm32h7xx_hal_rcc.o"
arm-none-eabi-gcc "/home/yousof/projects/VibrationSensorDesignChallenge/cubews/ADC_Regular_injected_groups/Drivers/STM32H7xx_HAL_Driver/Src/stm32h7xx_hal_rcc_ex.c" -mcpu=cortex-m7 -std=gnu11 -g3 -DUSE_HAL_DRIVER -DSTM32H743xx -DUSE_STM32H7XX_NUCLEO_144_MB1364 -c -I../../../Inc -I../../../Drivers/CMSIS/Device/ST/STM32H7xx/Include -I../../../Drivers/STM32H7xx_HAL_Driver/Inc -I../../../Drivers/BSP/STM32H7xx_Nucleo -I../../../Drivers/BSP/Components/Common -I../../../Utilities/Log -I../../../Utilities/Fonts -I../../../Utilities/CPU -I../../../Drivers/CMSIS/Include -Os -ffunction-sections -Wall -fstack-usage -MMD -MP -MF"Drivers/STM32H7xx_HAL_Driver/stm32h7xx_hal_rcc_ex.d" -MT"Drivers/STM32H7xx_HAL_Driver/stm32h7xx_hal_rcc_ex.o" --specs=nano.specs -mfpu=fpv5-d16 -mfloat-abi=hard -mthumb -o "Drivers/STM32H7xx_HAL_Driver/stm32h7xx_hal_rcc_ex.o"
arm-none-eabi-gcc "/home/yousof/projects/VibrationSensorDesignChallenge/cubews/ADC_Regular_injected_groups/Drivers/STM32H7xx_HAL_Driver/Src/stm32h7xx_hal_tim.c" -mcpu=cortex-m7 -std=gnu11 -g3 -DUSE_HAL_DRIVER -DSTM32H743xx -DUSE_STM32H7XX_NUCLEO_144_MB1364 -c -I../../../Inc -I../../../Drivers/CMSIS/Device/ST/STM32H7xx/Include -I../../../Drivers/STM32H7xx_HAL_Driver/Inc -I../../../Drivers/BSP/STM32H7xx_Nucleo -I../../../Drivers/BSP/Components/Common -I../../../Utilities/Log -I../../../Utilities/Fonts -I../../../Utilities/CPU -I../../../Drivers/CMSIS/Include -Os -ffunction-sections -Wall -fstack-usage -MMD -MP -MF"Drivers/STM32H7xx_HAL_Driver/stm32h7xx_hal_tim.d" -MT"Drivers/STM32H7xx_HAL_Driver/stm32h7xx_hal_tim.o" --specs=nano.specs -mfpu=fpv5-d16 -mfloat-abi=hard -mthumb -o "Drivers/STM32H7xx_HAL_Driver/stm32h7xx_hal_tim.o"
arm-none-eabi-gcc "/home/yousof/projects/VibrationSensorDesignChallenge/cubews/ADC_Regular_injected_groups/Drivers/STM32H7xx_HAL_Driver/Src/stm32h7xx_hal_tim_ex.c" -mcpu=cortex-m7 -std=gnu11 -g3 -DUSE_HAL_DRIVER -DSTM32H743xx -DUSE_STM32H7XX_NUCLEO_144_MB1364 -c -I../../../Inc -I../../../Drivers/CMSIS/Device/ST/STM32H7xx/Include -I../../../Drivers/STM32H7xx_HAL_Driver/Inc -I../../../Drivers/BSP/STM32H7xx_Nucleo -I../../../Drivers/BSP/Components/Common -I../../../Utilities/Log -I../../../Utilities/Fonts -I../../../Utilities/CPU -I../../../Drivers/CMSIS/Include -Os -ffunction-sections -Wall -fstack-usage -MMD -MP -MF"Drivers/STM32H7xx_HAL_Driver/stm32h7xx_hal_tim_ex.d" -MT"Drivers/STM32H7xx_HAL_Driver/stm32h7xx_hal_tim_ex.o" --specs=nano.specs -mfpu=fpv5-d16 -mfloat-abi=hard -mthumb -o "Drivers/STM32H7xx_HAL_Driver/stm32h7xx_hal_tim_ex.o"
arm-none-eabi-gcc "/home/yousof/projects/VibrationSensorDesignChallenge/cubews/ADC_Regular_injected_groups/Drivers/STM32H7xx_HAL_Driver/Src/stm32h7xx_hal_uart.c" -mcpu=cortex-m7 -std=gnu11 -g3 -DUSE_HAL_DRIVER -DSTM32H743xx -DUSE_STM32H7XX_NUCLEO_144_MB1364 -c -I../../../Inc -I../../../Drivers/CMSIS/Device/ST/STM32H7xx/Include -I../../../Drivers/STM32H7xx_HAL_Driver/Inc -I../../../Drivers/BSP/STM32H7xx_Nucleo -I../../../Drivers/BSP/Components/Common -I../../../Utilities/Log -I../../../Utilities/Fonts -I../../../Utilities/CPU -I../../../Drivers/CMSIS/Include -Os -ffunction-sections -Wall -fstack-usage -MMD -MP -MF"Drivers/STM32H7xx_HAL_Driver/stm32h7xx_hal_uart.d" -MT"Drivers/STM32H7xx_HAL_Driver/stm32h7xx_hal_uart.o" --specs=nano.specs -mfpu=fpv5-d16 -mfloat-abi=hard -mthumb -o "Drivers/STM32H7xx_HAL_Driver/stm32h7xx_hal_uart.o"
arm-none-eabi-gcc "/home/yousof/projects/VibrationSensorDesignChallenge/cubews/ADC_Regular_injected_groups/Src/system_stm32h7xx.c" -mcpu=cortex-m7 -std=gnu11 -g3 -DUSE_HAL_DRIVER -DSTM32H743xx -DUSE_STM32H7XX_NUCLEO_144_MB1364 -c -I../../../Inc -I../../../Drivers/CMSIS/Device/ST/STM32H7xx/Include -I../../../Drivers/STM32H7xx_HAL_Driver/Inc -I../../../Drivers/BSP/STM32H7xx_Nucleo -I../../../Drivers/BSP/Components/Common -I../../../Utilities/Log -I../../../Utilities/Fonts -I../../../Utilities/CPU -I../../../Drivers/CMSIS/Include -Os -ffunction-sections -Wall -fstack-usage -MMD -MP -MF"Drivers/CMSIS/system_stm32h7xx.d" -MT"Drivers/CMSIS/system_stm32h7xx.o" --specs=nano.specs -mfpu=fpv5-d16 -mfloat-abi=hard -mthumb -o "Drivers/CMSIS/system_stm32h7xx.o"
arm-none-eabi-gcc "/home/yousof/projects/VibrationSensorDesignChallenge/cubews/ADC_Regular_injected_groups/Drivers/BSP/STM32H7xx_Nucleo/stm32h7xx_nucleo.c" -mcpu=cortex-m7 -std=gnu11 -g3 -DUSE_HAL_DRIVER -DSTM32H743xx -DUSE_STM32H7XX_NUCLEO_144_MB1364 -c -I../../../Inc -I../../../Drivers/CMSIS/Device/ST/STM32H7xx/Include -I../../../Drivers/STM32H7xx_HAL_Driver/Inc -I../../../Drivers/BSP/STM32H7xx_Nucleo -I../../../Drivers/BSP/Components/Common -I../../../Utilities/Log -I../../../Utilities/Fonts -I../../../Utilities/CPU -I../../../Drivers/CMSIS/Include -Os -ffunction-sections -Wall -fstack-usage -MMD -MP -MF"Drivers/BSP/stm32h7xx_nucleo/stm32h7xx_nucleo.d" -MT"Drivers/BSP/stm32h7xx_nucleo/stm32h7xx_nucleo.o" --specs=nano.specs -mfpu=fpv5-d16 -mfloat-abi=hard -mthumb -o "Drivers/BSP/stm32h7xx_nucleo/stm32h7xx_nucleo.o"
arm-none-eabi-gcc -o "ADC_Regular_injected_groups.elf" @"objects.list"   -mcpu=cortex-m7 -T"../STM32H743ZITx_FLASH.ld" --specs=nosys.specs -Wl,-Map="ADC_Regular_injected_groups.map" -Wl,--gc-sections -static --specs=nano.specs -mfpu=fpv5-d16 -mfloat-abi=hard -mthumb -Wl,--start-group -lc -lm -Wl,--end-group
Finished building target: ADC_Regular_injected_groups.elf
 
arm-none-eabi-size   ADC_Regular_injected_groups.elf 
   text	   data	    bss	    dec	    hex	filename
  18200	     24	   2192	  20416	   4fc0	ADC_Regular_injected_groups.elf
Finished building: default.size.stdout
 
arm-none-eabi-objdump -h -S  ADC_Regular_injected_groups.elf  > "ADC_Regular_injected_groups.list"
Finished building: ADC_Regular_injected_groups.list
 
arm-none-eabi-objcopy  -O binary  ADC_Regular_injected_groups.elf  "ADC_Regular_injected_groups.bin"
Finished building: ADC_Regular_injected_groups.bin
 

16:56:22 Build Finished. 0 errors, 0 warnings. (took 7s.86ms)

