12:19:03 **** Incremental Build of configuration Debug for project VibrationSensorTest ****
make -j20 all 
arm-none-eabi-gcc "../Core/Src/main.c" -mcpu=cortex-m7 -std=gnu11 -g3 -DUSE_HAL_DRIVER -DSTM32H743xx -DDEBUG -c -I../Core/Inc -I"/home/yousof/projects/VibrationSensorDesignChallenge/cubews/VibrationSensorTest/CMSIS/inc" -I../Drivers/STM32H7xx_HAL_Driver/Inc -I../Drivers/STM32H7xx_HAL_Driver/Inc/Legacy -I../Drivers/CMSIS/Device/ST/STM32H7xx/Include -I../Drivers/CMSIS/Include -O0 -ffunction-sections -fdata-sections -Wall -fstack-usage -MMD -MP -MF"Core/Src/main.d" -MT"Core/Src/main.o" --specs=nano.specs -mfpu=fpv5-d16 -mfloat-abi=hard -mthumb -o "Core/Src/main.o"
arm-none-eabi-gcc -o "VibrationSensorTest.elf" @"objects.list"  -larm_cortexM4lf_math -mcpu=cortex-m7 -T"/home/yousof/projects/VibrationSensorDesignChallenge/cubews/VibrationSensorTest/STM32H743ZITX_FLASH.ld" --specs=nosys.specs -Wl,-Map="VibrationSensorTest.map" -Wl,--gc-sections -static -L"/home/yousof/projects/VibrationSensorDesignChallenge/cubews/VibrationSensorTest/CMSIS/lib" --specs=nano.specs -mfpu=fpv5-d16 -mfloat-abi=hard -mthumb -Wl,--start-group -lc -lm -Wl,--end-group
Finished building target: VibrationSensorTest.elf
 
arm-none-eabi-objdump -h -S  VibrationSensorTest.elf  > "VibrationSensorTest.list"
arm-none-eabi-objcopy  -O binary  VibrationSensorTest.elf  "VibrationSensorTest.bin"
arm-none-eabi-size   VibrationSensorTest.elf 
   text	   data	    bss	    dec	    hex	filename
 169324	    320	  52384	 222028	  3634c	VibrationSensorTest.elf
Finished building: default.size.stdout
 
Finished building: VibrationSensorTest.bin
 
Finished building: VibrationSensorTest.list
 

12:19:04 Build Finished. 0 errors, 0 warnings. (took 1s.86ms)

